flutter.bat : The 
system cannot find the 
file specified.
At line:1 char:79
+ ... t" pub get; & "C:
\flutter\bin\flutter.ba
t" build windows 
--verbose >  ...
+                 ~~~~~
~~~~~~~~~~~~~~~~~~~~~~~
~~~~~~~~~~~~~~~~~~~~~~~
~~~~~~
    + CategoryInfo     
         : NotSpecifi  
  ed: (The system ca   
 nn...file specifie    
d.:String) [], Rem    
oteException
    + FullyQualifiedEr 
   rorId : NativeComm  
  andError
 
[ +201 ms] Artifact Instance of 'MaterialFonts' is not required, skipping update.
[   +4 ms] Artifact Instance of 'GradleWrapper' is not required, skipping update.
[        ] Artifact Instance of 'AndroidGenSnapshotArtifacts' is not required, skipping update.
[        ] Artifact Instance of 'AndroidInternalBuildArtifacts' is not required, skipping update.
[        ] Artifact Instance of 'IOSEngineArtifacts' is not required, skipping update.
[        ] Artifact Instance of 'FlutterWebSdk' is not required, skipping update.
[   +1 ms] Artifact Instance of 'LegacyCanvasKitRemover' is not required, skipping update.
[        ] Artifact Instance of 'FlutterSdk' is not required, skipping update.
[        ] Artifact Instance of 'WindowsEngineArtifacts' is not required, skipping update.
[        ] Artifact Instance of 'MacOSEngineArtifacts' is not required, skipping update.
[        ] Artifact Instance of 'LinuxEngineArtifacts' is not required, skipping update.
[        ] Artifact Instance of 'LinuxFuchsiaSDKArtifacts' is not required, skipping update.
[        ] Artifact Instance of 'MacOSFuchsiaSDKArtifacts' is not required, skipping update.
[        ] Artifact Instance of 'FlutterRunnerSDKArtifacts' is not required, skipping update.
[        ] Artifact Instance of 'FlutterRunnerDebugSymbols' is not required, skipping update.
[        ] Artifact Instance of 'IosUsbArtifacts' is not required, skipping update.
[        ] Artifact Instance of 'IosUsbArtifacts' is not required, skipping update.
[        ] Artifact Instance of 'IosUsbArtifacts' is not required, skipping update.
[        ] Artifact Instance of 'IosUsbArtifacts' is not required, skipping update.
[        ] Artifact Instance of 'IosUsbArtifacts' is not required, skipping update.
[        ] Artifact Instance of 'IosUsbArtifacts' is not required, skipping update.
[        ] Artifact Instance of 'FontSubsetArtifacts' is not required, skipping update.
[        ] Artifact Instance of 'PubDependencies' is not required, skipping update.
[   +1 ms] executing: [C:\flutter/] git -c log.showSignature=false log HEAD -n 1 --pretty=format:%ad --date=iso
[  +97 ms] Exit code 0 from: git -c log.showSignature=false log HEAD -n 1 --pretty=format:%ad --date=iso
[        ] 2026-02-18 13:54:59 -0800
[  +20 ms] Artifact Instance of 'AndroidGenSnapshotArtifacts' is not required, skipping update.
[        ] Artifact Instance of 'AndroidInternalBuildArtifacts' is not required, skipping update.
[        ] Artifact Instance of 'IOSEngineArtifacts' is not required, skipping update.
[        ] Artifact Instance of 'FlutterWebSdk' is not required, skipping update.
[        ] Artifact Instance of 'FlutterEngineStamp' is not required, skipping update.
[        ] Artifact Instance of 'LegacyCanvasKitRemover' is not required, skipping update.
[   +3 ms] Artifact Instance of 'WindowsEngineArtifacts' is not required, skipping update.
[        ] Artifact Instance of 'MacOSEngineArtifacts' is not required, skipping update.
[        ] Artifact Instance of 'LinuxEngineArtifacts' is not required, skipping update.
[        ] Artifact Instance of 'LinuxFuchsiaSDKArtifacts' is not required, skipping update.
[        ] Artifact Instance of 'MacOSFuchsiaSDKArtifacts' is not required, skipping update.
[        ] Artifact Instance of 'FlutterRunnerSDKArtifacts' is not required, skipping update.
[        ] Artifact Instance of 'FlutterRunnerDebugSymbols' is not required, skipping update.
[  +67 ms] Artifact Instance of 'MaterialFonts' is not required, skipping update.
[        ] Artifact Instance of 'GradleWrapper' is not required, skipping update.
[        ] Artifact Instance of 'AndroidGenSnapshotArtifacts' is not required, skipping update.
[        ] Artifact Instance of 'AndroidInternalBuildArtifacts' is not required, skipping update.
[        ] Artifact Instance of 'IOSEngineArtifacts' is not required, skipping update.
[        ] Artifact Instance of 'FlutterWebSdk' is not required, skipping update.
[        ] Artifact Instance of 'FlutterEngineStamp' is not required, skipping update.
[        ] Artifact Instance of 'LegacyCanvasKitRemover' is not required, skipping update.
[        ] Artifact Instance of 'FlutterSdk' is not required, skipping update.
[   +3 ms] Artifact Instance of 'MacOSEngineArtifacts' is not required, skipping update.
[        ] Artifact Instance of 'LinuxEngineArtifacts' is not required, skipping update.
[        ] Artifact Instance of 'LinuxFuchsiaSDKArtifacts' is not required, skipping update.
[        ] Artifact Instance of 'MacOSFuchsiaSDKArtifacts' is not required, skipping update.
[        ] Artifact Instance of 'FlutterRunnerSDKArtifacts' is not required, skipping update.
[        ] Artifact Instance of 'FlutterRunnerDebugSymbols' is not required, skipping update.
[        ] Artifact Instance of 'IosUsbArtifacts' is not required, skipping update.
[        ] Artifact Instance of 'IosUsbArtifacts' is not required, skipping update.
[        ] Artifact Instance of 'IosUsbArtifacts' is not required, skipping update.
[        ] Artifact Instance of 'IosUsbArtifacts' is not required, skipping update.
[        ] Artifact Instance of 'IosUsbArtifacts' is not required, skipping update.
[        ] Artifact Instance of 'IosUsbArtifacts' is not required, skipping update.
[        ] Artifact Instance of 'FontSubsetArtifacts' is not required, skipping update.
[        ] Artifact Instance of 'PubDependencies' is not required, skipping update.
[  +22 ms] Skipping pub get: version match.
[ +120 ms] Found plugin shared_preferences at C:\Users\xxixw\AppData\Local\Pub\Cache\hosted\pub.dev\shared_preferences-2.5.4\
[   +8 ms] Found plugin shared_preferences_windows at C:\Users\xxixw\AppData\Local\Pub\Cache\hosted\pub.dev\shared_preferences_windows-2.4.1\
[   +8 ms] Found plugin path_provider_windows at C:\Users\xxixw\AppData\Local\Pub\Cache\hosted\pub.dev\path_provider_windows-2.3.0\
[  +10 ms] Found plugin shared_preferences_web at C:\Users\xxixw\AppData\Local\Pub\Cache\hosted\pub.dev\shared_preferences_web-2.4.3\
[   +4 ms] Found plugin shared_preferences_linux at C:\Users\xxixw\AppData\Local\Pub\Cache\hosted\pub.dev\shared_preferences_linux-2.4.1\
[   +3 ms] Found plugin path_provider_linux at C:\Users\xxixw\AppData\Local\Pub\Cache\hosted\pub.dev\path_provider_linux-2.2.1\
[   +6 ms] Found plugin shared_preferences_foundation at C:\Users\xxixw\AppData\Local\Pub\Cache\hosted\pub.dev\shared_preferences_foundation-2.5.6\
[   +4 ms] Found plugin shared_preferences_android at C:\Users\xxixw\AppData\Local\Pub\Cache\hosted\pub.dev\shared_preferences_android-2.4.21\
[  +10 ms] Found plugin flutter_secure_storage at C:\Users\xxixw\AppData\Local\Pub\Cache\hosted\pub.dev\flutter_secure_storage-9.2.4\
[   +3 ms] Found plugin flutter_secure_storage_windows at C:\Users\xxixw\AppData\Local\Pub\Cache\hosted\pub.dev\flutter_secure_storage_windows-3.1.2\
[  +19 ms] Found plugin path_provider at C:\Users\xxixw\AppData\Local\Pub\Cache\hosted\pub.dev\path_provider-2.1.5\
[   +5 ms] Found plugin path_provider_foundation at C:\Users\xxixw\AppData\Local\Pub\Cache\hosted\pub.dev\path_provider_foundation-2.6.0\
[  +34 ms] Found plugin path_provider_android at C:\Users\xxixw\AppData\Local\Pub\Cache\hosted\pub.dev\path_provider_android-2.2.22\
[   +6 ms] Found plugin flutter_secure_storage_web at C:\Users\xxixw\AppData\Local\Pub\Cache\hosted\pub.dev\flutter_secure_storage_web-1.2.1\
[   +4 ms] Found plugin flutter_secure_storage_macos at C:\Users\xxixw\AppData\Local\Pub\Cache\hosted\pub.dev\flutter_secure_storage_macos-3.1.3\
[   +4 ms] Found plugin flutter_secure_storage_linux at C:\Users\xxixw\AppData\Local\Pub\Cache\hosted\pub.dev\flutter_secure_storage_linux-1.2.3\
[ +113 ms] Found plugin shared_preferences at C:\Users\xxixw\AppData\Local\Pub\Cache\hosted\pub.dev\shared_preferences-2.5.4\
[   +2 ms] Found plugin shared_preferences_windows at C:\Users\xxixw\AppData\Local\Pub\Cache\hosted\pub.dev\shared_preferences_windows-2.4.1\
[   +8 ms] Found plugin path_provider_windows at C:\Users\xxixw\AppData\Local\Pub\Cache\hosted\pub.dev\path_provider_windows-2.3.0\
[   +7 ms] Found plugin shared_preferences_web at C:\Users\xxixw\AppData\Local\Pub\Cache\hosted\pub.dev\shared_preferences_web-2.4.3\
[   +3 ms] Found plugin shared_preferences_linux at C:\Users\xxixw\AppData\Local\Pub\Cache\hosted\pub.dev\shared_preferences_linux-2.4.1\
[   +1 ms] Found plugin path_provider_linux at C:\Users\xxixw\AppData\Local\Pub\Cache\hosted\pub.dev\path_provider_linux-2.2.1\
[   +3 ms] Found plugin shared_preferences_foundation at C:\Users\xxixw\AppData\Local\Pub\Cache\hosted\pub.dev\shared_preferences_foundation-2.5.6\
[   +1 ms] Found plugin shared_preferences_android at C:\Users\xxixw\AppData\Local\Pub\Cache\hosted\pub.dev\shared_preferences_android-2.4.21\
[   +5 ms] Found plugin flutter_secure_storage at C:\Users\xxixw\AppData\Local\Pub\Cache\hosted\pub.dev\flutter_secure_storage-9.2.4\
[   +1 ms] Found plugin flutter_secure_storage_windows at C:\Users\xxixw\AppData\Local\Pub\Cache\hosted\pub.dev\flutter_secure_storage_windows-3.1.2\
[   +5 ms] Found plugin path_provider at C:\Users\xxixw\AppData\Local\Pub\Cache\hosted\pub.dev\path_provider-2.1.5\
[   +2 ms] Found plugin path_provider_foundation at C:\Users\xxixw\AppData\Local\Pub\Cache\hosted\pub.dev\path_provider_foundation-2.6.0\
[  +15 ms] Found plugin path_provider_android at C:\Users\xxixw\AppData\Local\Pub\Cache\hosted\pub.dev\path_provider_android-2.2.22\
[   +3 ms] Found plugin flutter_secure_storage_web at C:\Users\xxixw\AppData\Local\Pub\Cache\hosted\pub.dev\flutter_secure_storage_web-1.2.1\
[   +3 ms] Found plugin flutter_secure_storage_macos at C:\Users\xxixw\AppData\Local\Pub\Cache\hosted\pub.dev\flutter_secure_storage_macos-3.1.3\
[   +2 ms] Found plugin flutter_secure_storage_linux at C:\Users\xxixw\AppData\Local\Pub\Cache\hosted\pub.dev\flutter_secure_storage_linux-1.2.3\
[  +31 ms] Skipping generating web_plugin_registrant.dart because it is up-to-date.
[  +52 ms] Found plugin shared_preferences at C:\Users\xxixw\AppData\Local\Pub\Cache\hosted\pub.dev\shared_preferences-2.5.4\
[   +1 ms] Found plugin shared_preferences_windows at C:\Users\xxixw\AppData\Local\Pub\Cache\hosted\pub.dev\shared_preferences_windows-2.4.1\
[   +5 ms] Found plugin path_provider_windows at C:\Users\xxixw\AppData\Local\Pub\Cache\hosted\pub.dev\path_provider_windows-2.3.0\
[   +8 ms] Found plugin shared_preferences_web at C:\Users\xxixw\AppData\Local\Pub\Cache\hosted\pub.dev\shared_preferences_web-2.4.3\
[   +3 ms] Found plugin shared_preferences_linux at C:\Users\xxixw\AppData\Local\Pub\Cache\hosted\pub.dev\shared_preferences_linux-2.4.1\
[   +1 ms] Found plugin path_provider_linux at C:\Users\xxixw\AppData\Local\Pub\Cache\hosted\pub.dev\path_provider_linux-2.2.1\
[   +3 ms] Found plugin shared_preferences_foundation at C:\Users\xxixw\AppData\Local\Pub\Cache\hosted\pub.dev\shared_preferences_foundation-2.5.6\
[   +1 ms] Found plugin shared_preferences_android at C:\Users\xxixw\AppData\Local\Pub\Cache\hosted\pub.dev\shared_preferences_android-2.4.21\
[   +5 ms] Found plugin flutter_secure_storage at C:\Users\xxixw\AppData\Local\Pub\Cache\hosted\pub.dev\flutter_secure_storage-9.2.4\
[   +1 ms] Found plugin flutter_secure_storage_windows at C:\Users\xxixw\AppData\Local\Pub\Cache\hosted\pub.dev\flutter_secure_storage_windows-3.1.2\
[   +3 ms] Found plugin path_provider at C:\Users\xxixw\AppData\Local\Pub\Cache\hosted\pub.dev\path_provider-2.1.5\
[   +1 ms] Found plugin path_provider_foundation at C:\Users\xxixw\AppData\Local\Pub\Cache\hosted\pub.dev\path_provider_foundation-2.6.0\
[  +12 ms] Found plugin path_provider_android at C:\Users\xxixw\AppData\Local\Pub\Cache\hosted\pub.dev\path_provider_android-2.2.22\
[   +3 ms] Found plugin flutter_secure_storage_web at C:\Users\xxixw\AppData\Local\Pub\Cache\hosted\pub.dev\flutter_secure_storage_web-1.2.1\
[   +3 ms] Found plugin flutter_secure_storage_macos at C:\Users\xxixw\AppData\Local\Pub\Cache\hosted\pub.dev\flutter_secure_storage_macos-3.1.3\
[   +1 ms] Found plugin flutter_secure_storage_linux at C:\Users\xxixw\AppData\Local\Pub\Cache\hosted\pub.dev\flutter_secure_storage_linux-1.2.3\
[  +19 ms] Generating I:\Path\Projects\iFutures\android\app\src\main\java\io\flutter\plugins\GeneratedPluginRegistrant.java
[   +2 ms] Skipping generating GeneratedPluginRegistrant.java because it is up-to-date.
[  +12 ms] Skipping generating generated_plugin_registrant.h because it is up-to-date.
[   +2 ms] Skipping generating generated_plugin_registrant.cc because it is up-to-date.
[   +2 ms] Skipping generating generated_plugins.cmake because it is up-to-date.
[   +4 ms] Skipping generating generated_plugin_registrant.h because it is up-to-date.
[   +1 ms] Skipping generating generated_plugin_registrant.cc because it is up-to-date.
[   +2 ms] Skipping generating generated_plugins.cmake because it is up-to-date.
[   +4 ms] Skipping generating GeneratedPluginRegistrant.h because it is up-to-date.
[   +2 ms] Skipping generating GeneratedPluginRegistrant.m because it is up-to-date.
[   +2 ms] Skipping generating GeneratedPluginRegistrant.swift because it is up-to-date.
[ +241 ms] executing: C:\Program Files (x86)\Microsoft Visual Studio\Installer\vswhere.exe -format json -products * -utf8 -latest -version 16 -requires Microsoft.VisualStudio.Workload.NativeDesktop Microsoft.VisualStudio.Component.VC.Tools.x86.x64 Microsoft.VisualStudio.Component.VC.CMake.Project
[ +129 ms] Exit code 0 from: C:\Program Files (x86)\Microsoft Visual Studio\Installer\vswhere.exe -format json -products * -utf8 -latest -version 16 -requires Microsoft.VisualStudio.Workload.NativeDesktop Microsoft.VisualStudio.Component.VC.Tools.x86.x64 Microsoft.VisualStudio.Component.VC.CMake.Project
[        ] [
             {
               "instanceId": "ee393365",
               "installDate": "2026-02-13T13:06:14Z",
               "installationName": "VisualStudio/17.14.26+36930.0",
               "installationPath": "C:\\Program Files\\Microsoft Visual Studio\\2022\\Professional",
               "installationVersion": "17.14.36930.0",
               "productId": "Microsoft.VisualStudio.Product.Professional",
               "productPath": "C:\\Program Files\\Microsoft Visual Studio\\2022\\Professional\\Common7\\IDE\\devenv.exe",
               "state": 4294967295,
               "isComplete": true,
               "isLaunchable": true,
               "isPrerelease": false,
               "isRebootRequired": false,
               "displayName": "Visual Studio Professional 2022",
               "description": "Professional IDE best suited to small teams",
               "channelId": "VisualStudio.17.Release",
               "channelUri": "https://aka.ms/vs/17/release/channel",
               "enginePath": "C:\\Program Files (x86)\\Microsoft Visual Studio\\Installer\\resources\\app\\ServiceHub\\Services\\Microsoft.VisualStudio.Setup.Service",
               "installedChannelId": "VisualStudio.17.Release",
               "installedChannelUri": "https://aka.ms/vs/17/release/channel",
               "releaseNotes": "https://docs.microsoft.com/en-us/visualstudio/releases/2022/release-notes-v17.14#17.14.26",
               "resolvedInstallationPath": "C:\\Program Files\\Microsoft Visual Studio\\2022\\Professional",
               "thirdPartyNotices": "https://go.microsoft.com/fwlink/?LinkId=661288",
               "updateDate": "2026-02-13T13:06:14.1975105Z",
               "catalog": {
                 "buildBranch": "d17.14",
                 "buildVersion": "17.14.36930.0",
                 "id": "VisualStudio/17.14.26+36930.0",
                 "localBuild": "build-lab",
                 "manifestName": "VisualStudio",
                 "manifestType": "installer",
                 "productDisplayVersion": "17.14.26",
                 "productLine": "Dev17",
                 "productLineVersion": "2022",
                 "productMilestone": "RTW",
                 "productMilestoneIsPreRelease": "False",
                 "productName": "Visual Studio",
                 "productPatchVersion": "26",
                 "productPreReleaseMilestoneSuffix": "1.0",
                 "productSemanticVersion": "17.14.26+36930.0",
                 "requiredEngineVersion": "3.14.2086.54749"
               },
               "properties": {
                 "appLocalWPF": "true",
                 "campaignId": "",
                 "canceled": "0",
                 "channelManifestId": "VisualStudio.17.Release/17.14.26+36930.0",
                 "includeRecommended": "1",
                 "nickname": "",
                 "setupEngineFilePath": "C:\\Program Files (x86)\\Microsoft Visual Studio\\Installer\\setup.exe"
               }
             }
           ]
[   +5 ms] Building Windows application...
[  +14 ms] executing: C:\Program Files\Microsoft Visual Studio\2022\Professional\Common7\IDE\CommonExtensions\Microsoft\CMake\CMake\bin\cmake.exe -S I:\Path\Projects\iFutures\windows -B I:\Path\Projects\iFutures\build\windows\x64 -G Visual Studio 17 2022 -A x64 -DFLUTTER_TARGET_PLATFORM=windows-x64
[ +119 ms] -- Selecting Windows SDK version 10.0.26100.0 to target Windows 10.0.26200.
[+2831 ms] -- The CXX compiler identification is MSVC 19.44.35222.0
[  +93 ms] -- Detecting CXX compiler ABI info
[+1616 ms] -- Detecting CXX compiler ABI info - done
[  +77 ms] -- Check for working CXX compiler: C:/Program Files/Microsoft Visual Studio/2022/Professional/VC/Tools/MSVC/14.44.35207/bin/Hostx64/x64/cl.exe - skipped
[   +1 ms] -- Detecting CXX compile features
[   +2 ms] -- Detecting CXX compile features - done
[  +58 ms] -- Configuring done (4.7s)
[ +144 ms] -- Generating done (0.1s)
[  +49 ms] -- Build files have been written to: I:/Path/Projects/iFutures/build/windows/x64
[  +58 ms] executing: C:\Program Files\Microsoft Visual Studio\2022\Professional\Common7\IDE\CommonExtensions\Microsoft\CMake\CMake\bin\cmake.exe --build I:\Path\Projects\iFutures\build\windows\x64 --config Release --target INSTALL --verbose
[ +131 ms] Change Dir: 'I:/Path/Projects/iFutures/build/windows/x64'
[        ] Run Build Command(s): "C:/Program Files/Microsoft Visual Studio/2022/Professional/MSBuild/Current/Bin/amd64/MSBuild.exe" INSTALL.vcxproj /p:Configuration=Release /p:Platform=x64 /p:VisualStudioVersion=17.0 /v:n
[ +149 ms] MSBuild version 17.14.40+3e7442088 for .NET Framework
[  +65 ms] Build started 3/14/2026 11:01:46 PM.
[ +338 ms] Project "I:\Path\Projects\iFutures\build\windows\x64\INSTALL.vcxproj" on node 1 (default targets).
[        ] Project "I:\Path\Projects\iFutures\build\windows\x64\INSTALL.vcxproj" (1) is building "I:\Path\Projects\iFutures\build\windows\x64\ZERO_CHECK.vcxproj" (2) on node 1 (default targets).
[        ] PrepareForBuild:
[        ]   Creating directory "x64\Release\ZERO_CHECK\".
[   +9 ms]   Structured output is enabled. The formatting of compiler diagnostics will reflect the error hierarchy. See https://aka.ms/cpp/structured-output for more details.
[        ]   Creating directory "x64\Release\ZERO_CHECK\ZERO_CHECK.tlog\".
[  +14 ms] InitializeBuildStatus:
[        ]   Creating "x64\Release\ZERO_CHECK\ZERO_CHECK.tlog\unsuccessfulbuild" because "AlwaysCreate" was specified.
[        ]   Touching "x64\Release\ZERO_CHECK\ZERO_CHECK.tlog\unsuccessfulbuild".
[ +144 ms] CustomBuild:
[        ]   1>Checking Build System
[ +123 ms] FinalizeBuildStatus:
[        ]   Deleting file "x64\Release\ZERO_CHECK\ZERO_CHECK.tlog\unsuccessfulbuild".
[        ]   Touching "x64\Release\ZERO_CHECK\ZERO_CHECK.tlog\ZERO_CHECK.lastbuildstate".
[   +1 ms] Done Building Project "I:\Path\Projects\iFutures\build\windows\x64\ZERO_CHECK.vcxproj" (default targets).
[ +156 ms] Project "I:\Path\Projects\iFutures\build\windows\x64\INSTALL.vcxproj" (1) is building "I:\Path\Projects\iFutures\build\windows\x64\ALL_BUILD.vcxproj" (3) on node 1 (default targets).
[        ] Project "I:\Path\Projects\iFutures\build\windows\x64\ALL_BUILD.vcxproj" (3) is building "I:\Path\Projects\iFutures\build\windows\x64\plugins\flutter_secure_storage_windows\flutter_secure_storage_windows_plugin.vcxproj" (4) on node 1 (default targets).
[        ] Project "I:\Path\Projects\iFutures\build\windows\x64\plugins\flutter_secure_storage_windows\flutter_secure_storage_windows_plugin.vcxproj" (4) is building "I:\Path\Projects\iFutures\build\windows\x64\flutter\flutter_assemble.vcxproj" (5) on node 1 (default targets).
[        ] PrepareForBuild:
[        ]   Creating directory "x64\Release\flutter_assemble\".
[   +2 ms]   Structured output is enabled. The formatting of compiler diagnostics will reflect the error hierarchy. See https://aka.ms/cpp/structured-output for more details.
[        ]   Creating directory "x64\Release\flutter_assemble\flutter_assemble.tlog\".
[   +2 ms] InitializeBuildStatus:
[        ]   Creating "x64\Release\flutter_assemble\flutter_assemble.tlog\unsuccessfulbuild" because "AlwaysCreate" was specified.
[        ]   Touching "x64\Release\flutter_assemble\flutter_assemble.tlog\unsuccessfulbuild".
[   +1 ms] ComputeCustomBuildOutput:
[        ]   Creating directory "I:\Path\Projects\iFutures\windows\flutter\ephemeral\cpp_client_wrapper\".
[   +2 ms] CustomBuild:
[        ]   "The build of 'I:\Path\Projects\iFutures\build\windows\x64\CMakeFiles\cca64d5dfb1adf0b43a240e817030a12\flutter_assemble.rule' depends on 'I:\PATH\PROJECTS\IFUTURES\WINDOWS\FLUTTER\EPHEMERAL\FLUTTER_WINDOWS.DLL' which is produced by the build of 'I:\Path\Projects\iFutures\build\windows\x64\CMakeFiles\0e69d25828f4e97af92fd2b8bf54cc1d\flutter_windows.dll.rule'. The items cannot be built in parallel."
[  +55 ms]   Generating I:/Path/Projects/iFutures/windows/flutter/ephemeral/flutter_windows.dll, I:/Path/Projects/iFutures/windows/flutter/ephemeral/flutter_export.h, I:/Path/Projects/iFutures/windows/flutter/ephemeral/flutter_windows.h, I:/Path/Projects/iFutures/windows/flutter/ephemeral/flutter_messenger.h, I:/Path/Projects/iFutures/windows/flutter/ephemeral/flutter_plugin_registrar.h, I:/Path/Projects/iFutures/windows/flutter/ephemeral/flutter_texture_registrar.h, I:/Path/Projects/iFutures/windows/flutter/ephemeral/cpp_client_wrapper/core_implementations.cc, I:/Path/Projects/iFutures/windows/flutter/ephemeral/cpp_client_wrapper/standard_codec.cc, I:/Path/Projects/iFutures/windows/flutter/ephemeral/cpp_client_wrapper/plugin_registrar.cc, I:/Path/Projects/iFutures/windows/flutter/ephemeral/cpp_client_wrapper/flutter_engine.cc, I:/Path/Projects/iFutures/windows/flutter/ephemeral/cpp_client_wrapper/flutter_view_controller.cc, _phony_
[ +752 ms]   The system cannot find the file specified.
[+1433 ms]   [ +166 ms] Artifact Instance of 'MaterialFonts' is not required, skipping update.
[        ]   [   +3 ms] Artifact Instance of 'GradleWrapper' is not required, skipping update.
[        ]   [        ] Artifact Instance of 'AndroidGenSnapshotArtifacts' is not required, skipping update.
[        ]   [        ] Artifact Instance of 'AndroidInternalBuildArtifacts' is not required, skipping update.
[        ]   [        ] Artifact Instance of 'IOSEngineArtifacts' is not required, skipping update.
[        ]   [        ] Artifact Instance of 'FlutterWebSdk' is not required, skipping update.
[   +1 ms]   [   +1 ms] Artifact Instance of 'LegacyCanvasKitRemover' is not required, skipping update.
[        ]   [        ] Artifact Instance of 'FlutterSdk' is not required, skipping update.
[        ]   [        ] Artifact Instance of 'WindowsEngineArtifacts' is not required, skipping update.
[        ]   [        ] Artifact Instance of 'MacOSEngineArtifacts' is not required, skipping update.
[        ]   [        ] Artifact Instance of 'LinuxEngineArtifacts' is not required, skipping update.
[        ]   [        ] Artifact Instance of 'LinuxFuchsiaSDKArtifacts' is not required, skipping update.
[        ]   [        ] Artifact Instance of 'MacOSFuchsiaSDKArtifacts' is not required, skipping update.
[        ]   [        ] Artifact Instance of 'FlutterRunnerSDKArtifacts' is not required, skipping update.
[        ]   [        ] Artifact Instance of 'FlutterRunnerDebugSymbols' is not required, skipping update.
[        ]   [        ] Artifact Instance of 'IosUsbArtifacts' is not required, skipping update.
[        ]   [        ] Artifact Instance of 'IosUsbArtifacts' is not required, skipping update.
[        ]   [        ] Artifact Instance of 'IosUsbArtifacts' is not required, skipping update.
[        ]   [        ] Artifact Instance of 'IosUsbArtifacts' is not required, skipping update.
[        ]   [        ] Artifact Instance of 'IosUsbArtifacts' is not required, skipping update.
[        ]   [        ] Artifact Instance of 'IosUsbArtifacts' is not required, skipping update.
[        ]   [        ] Artifact Instance of 'FontSubsetArtifacts' is not required, skipping update.
[        ]   [        ] Artifact Instance of 'PubDependencies' is not required, skipping update.
[  +12 ms]   [  +13 ms] Artifact Instance of 'AndroidGenSnapshotArtifacts' is not required, skipping update.
[        ]   [        ] Artifact Instance of 'AndroidInternalBuildArtifacts' is not required, skipping update.
[        ]   [        ] Artifact Instance of 'IOSEngineArtifacts' is not required, skipping update.
[        ]   [        ] Artifact Instance of 'FlutterWebSdk' is not required, skipping update.
[        ]   [        ] Artifact Instance of 'FlutterEngineStamp' is not required, skipping update.
[        ]   [        ] Artifact Instance of 'LegacyCanvasKitRemover' is not required, skipping update.
[   +2 ms]   [   +3 ms] Artifact Instance of 'WindowsEngineArtifacts' is not required, skipping update.
[        ]   [        ] Artifact Instance of 'MacOSEngineArtifacts' is not required, skipping update.
[        ]   [        ] Artifact Instance of 'LinuxEngineArtifacts' is not required, skipping update.
[        ]   [        ] Artifact Instance of 'LinuxFuchsiaSDKArtifacts' is not required, skipping update.
[        ]   [        ] Artifact Instance of 'MacOSFuchsiaSDKArtifacts' is not required, skipping update.
[        ]   [        ] Artifact Instance of 'FlutterRunnerSDKArtifacts' is not required, skipping update.
[        ]   [        ] Artifact Instance of 'FlutterRunnerDebugSymbols' is not required, skipping update.
[  +83 ms]   [  +83 ms] Artifact Instance of 'MaterialFonts' is not required, skipping update.
[        ]   [        ] Artifact Instance of 'GradleWrapper' is not required, skipping update.
[        ]   [        ] Artifact Instance of 'AndroidGenSnapshotArtifacts' is not required, skipping update.
[        ]   [        ] Artifact Instance of 'AndroidInternalBuildArtifacts' is not required, skipping update.
[        ]   [        ] Artifact Instance of 'IOSEngineArtifacts' is not required, skipping update.
[        ]   [        ] Artifact Instance of 'FlutterWebSdk' is not required, skipping update.
[        ]   [        ] Artifact Instance of 'FlutterEngineStamp' is not required, skipping update.
[        ]   [        ] Artifact Instance of 'LegacyCanvasKitRemover' is not required, skipping update.
[        ]   [        ] Artifact Instance of 'FlutterSdk' is not required, skipping update.
[   +2 ms]   [   +3 ms] Artifact Instance of 'MacOSEngineArtifacts' is not required, skipping update.
[        ]   [        ] Artifact Instance of 'LinuxEngineArtifacts' is not required, skipping update.
[        ]   [        ] Artifact Instance of 'LinuxFuchsiaSDKArtifacts' is not required, skipping update.
[        ]   [        ] Artifact Instance of 'MacOSFuchsiaSDKArtifacts' is not required, skipping update.
[        ]   [        ] Artifact Instance of 'FlutterRunnerSDKArtifacts' is not required, skipping update.
[        ]   [        ] Artifact Instance of 'FlutterRunnerDebugSymbols' is not required, skipping update.
[        ]   [        ] Artifact Instance of 'IosUsbArtifacts' is not required, skipping update.
[        ]   [        ] Artifact Instance of 'IosUsbArtifacts' is not required, skipping update.
[        ]   [        ] Artifact Instance of 'IosUsbArtifacts' is not required, skipping update.
[        ]   [        ] Artifact Instance of 'IosUsbArtifacts' is not required, skipping update.
[        ]   [        ] Artifact Instance of 'IosUsbArtifacts' is not required, skipping update.
[        ]   [        ] Artifact Instance of 'IosUsbArtifacts' is not required, skipping update.
[        ]   [        ] Artifact Instance of 'FontSubsetArtifacts' is not required, skipping update.
[        ]   [        ] Artifact Instance of 'PubDependencies' is not required, skipping update.
[  +63 ms]   [  +64 ms] Initializing file store
[  +48 ms]   [  +49 ms] dart_build: Starting due to {}
[   +2 ms]   [   +2 ms] Skipping target: gen_localizations
[   +3 ms]   [   +3 ms] gen_dart_plugin_registrant: Starting due to {InvalidatedReasonKind.inputChanged: The following inputs have updated contents: I:\Path\Projects\iFutures\.dart_tool\package_config.json}
[   +4 ms]   [   +4 ms] unpack_windows: Starting due to {}
[+2195 ms]   [+2195 ms] unpack_windows: Complete
[+5388 ms]   [+5388 ms] executing: C:\Program Files (x86)\Microsoft Visual Studio\Installer\vswhere.exe -format json -products * -utf8 -latest -version 16 -requires Microsoft.VisualStudio.Workload.NativeDesktop Microsoft.VisualStudio.Component.VC.Tools.x86.x64 Microsoft.VisualStudio.Component.VC.CMake.Project
[  +91 ms]   [  +91 ms] Exit code 0 from: C:\Program Files (x86)\Microsoft Visual Studio\Installer\vswhere.exe -format json -products * -utf8 -latest -version 16 -requires Microsoft.VisualStudio.Workload.NativeDesktop Microsoft.VisualStudio.Component.VC.Tools.x86.x64 Microsoft.VisualStudio.Component.VC.CMake.Project
[        ]   [        ] [
[        ]                {
[        ]                  "instanceId": "ee393365",
[        ]                  "installDate": "2026-02-13T13:06:14Z",
[        ]                  "installationName": "VisualStudio/17.14.26+36930.0",
[        ]                  "installationPath": "C:\\Program Files\\Microsoft Visual Studio\\2022\\Professional",
[        ]                  "installationVersion": "17.14.36930.0",
[        ]                  "productId": "Microsoft.VisualStudio.Product.Professional",
[        ]                  "productPath": "C:\\Program Files\\Microsoft Visual Studio\\2022\\Professional\\Common7\\IDE\\devenv.exe",
[        ]                  "state": 4294967295,
[        ]                  "isComplete": true,
[        ]                  "isLaunchable": true,
[        ]                  "isPrerelease": false,
[        ]                  "isRebootRequired": false,
[        ]                  "displayName": "Visual Studio Professional 2022",
[        ]                  "description": "Professional IDE best suited to small teams",
[        ]                  "channelId": "VisualStudio.17.Release",
[        ]                  "channelUri": "https://aka.ms/vs/17/release/channel",
[        ]                  "enginePath": "C:\\Program Files (x86)\\Microsoft Visual Studio\\Installer\\resources\\app\\ServiceHub\\Services\\Microsoft.VisualStudio.Setup.Service",
[        ]                  "installedChannelId": "VisualStudio.17.Release",
[        ]                  "installedChannelUri": "https://aka.ms/vs/17/release/channel",
[        ]                  "releaseNotes": "https://docs.microsoft.com/en-us/visualstudio/releases/2022/release-notes-v17.14#17.14.26",
[        ]                  "resolvedInstallationPath": "C:\\Program Files\\Microsoft Visual Studio\\2022\\Professional",
[        ]                  "thirdPartyNotices": "https://go.microsoft.com/fwlink/?LinkId=661288",
[        ]                  "updateDate": "2026-02-13T13:06:14.1975105Z",
[        ]                  "catalog": {
[        ]                    "buildBranch": "d17.14",
[        ]                    "buildVersion": "17.14.36930.0",
[        ]                    "id": "VisualStudio/17.14.26+36930.0",
[        ]                    "localBuild": "build-lab",
[        ]                    "manifestName": "VisualStudio",
[        ]                    "manifestType": "installer",
[        ]                    "productDisplayVersion": "17.14.26",
[        ]                    "productLine": "Dev17",
[        ]                    "productLineVersion": "2022",
[        ]                    "productMilestone": "RTW",
[        ]                    "productMilestoneIsPreRelease": "False",
[        ]                    "productName": "Visual Studio",
[        ]                    "productPatchVersion": "26",
[        ]                    "productPreReleaseMilestoneSuffix": "1.0",
[        ]                    "productSemanticVersion": "17.14.26+36930.0",
[        ]                    "requiredEngineVersion": "3.14.2086.54749"
[        ]                  },
[        ]                  "properties": {
[        ]                    "appLocalWPF": "true",
[        ]                    "campaignId": "",
[        ]                    "canceled": "0",
[        ]                    "channelManifestId": "VisualStudio.17.Release/17.14.26+36930.0",
[        ]                    "includeRecommended": "1",
[        ]                    "nickname": "",
[        ]                    "setupEngineFilePath": "C:\\Program Files (x86)\\Microsoft Visual Studio\\Installer\\setup.exe"
[        ]                  }
[        ]                }
[        ]              ]
[        ]   [  +12 ms] Building native assets for windows_x64.
[ +107 ms]   [ +108 ms] Found plugin shared_preferences at C:\Users\xxixw\AppData\Local\Pub\Cache\hosted\pub.dev\shared_preferences-2.5.4\
[   +5 ms]   [   +5 ms] Found plugin shared_preferences_windows at C:\Users\xxixw\AppData\Local\Pub\Cache\hosted\pub.dev\shared_preferences_windows-2.4.1\
[   +8 ms]   [   +8 ms] Running `C:\flutter\bin\cache\dart-sdk\bin\dart compile kernel --packages=I:\Path\Projects\iFutures\.dart_tool\package_config.json --output=I:\Path\Projects\iFutures\.dart_tool\hooks_runner\objective_c\14c9232d99\hook.dill --depfile=I:\Path\Projects\iFutures\.dart_tool\hooks_runner\objective_c\14c9232d99\hook.dill.d C:\Users\xxixw\AppData\Local\Pub\Cache\hosted\pub.dev\objective_c-9.3.0\hook\build.dart`.
[  +21 ms]   [  +21 ms] Found plugin path_provider_windows at C:\Users\xxixw\AppData\Local\Pub\Cache\hosted\pub.dev\path_provider_windows-2.3.0\
[  +11 ms]   [  +11 ms] Found plugin shared_preferences_web at C:\Users\xxixw\AppData\Local\Pub\Cache\hosted\pub.dev\shared_preferences_web-2.4.3\
[   +5 ms]   [   +5 ms] Found plugin shared_preferences_linux at C:\Users\xxixw\AppData\Local\Pub\Cache\hosted\pub.dev\shared_preferences_linux-2.4.1\
[   +4 ms]   [   +4 ms] Found plugin path_provider_linux at C:\Users\xxixw\AppData\Local\Pub\Cache\hosted\pub.dev\path_provider_linux-2.2.1\
[   +5 ms]   [   +5 ms] Found plugin shared_preferences_foundation at C:\Users\xxixw\AppData\Local\Pub\Cache\hosted\pub.dev\shared_preferences_foundation-2.5.6\
[   +5 ms]   [   +5 ms] Found plugin shared_preferences_android at C:\Users\xxixw\AppData\Local\Pub\Cache\hosted\pub.dev\shared_preferences_android-2.4.21\
[  +12 ms]   [  +12 ms] Found plugin flutter_secure_storage at C:\Users\xxixw\AppData\Local\Pub\Cache\hosted\pub.dev\flutter_secure_storage-9.2.4\
[   +3 ms]   [   +3 ms] Found plugin flutter_secure_storage_windows at C:\Users\xxixw\AppData\Local\Pub\Cache\hosted\pub.dev\flutter_secure_storage_windows-3.1.2\
[  +23 ms]   [  +23 ms] Found plugin path_provider at C:\Users\xxixw\AppData\Local\Pub\Cache\hosted\pub.dev\path_provider-2.1.5\
[   +5 ms]   [   +5 ms] Found plugin path_provider_foundation at C:\Users\xxixw\AppData\Local\Pub\Cache\hosted\pub.dev\path_provider_foundation-2.6.0\
[  +37 ms]   [  +37 ms] Found plugin path_provider_android at C:\Users\xxixw\AppData\Local\Pub\Cache\hosted\pub.dev\path_provider_android-2.2.22\
[   +6 ms]   [   +6 ms] Found plugin flutter_secure_storage_web at C:\Users\xxixw\AppData\Local\Pub\Cache\hosted\pub.dev\flutter_secure_storage_web-1.2.1\
[   +5 ms]   [   +5 ms] Found plugin flutter_secure_storage_macos at C:\Users\xxixw\AppData\Local\Pub\Cache\hosted\pub.dev\flutter_secure_storage_macos-3.1.3\
[   +3 ms]   [   +3 ms] Found plugin flutter_secure_storage_linux at C:\Users\xxixw\AppData\Local\Pub\Cache\hosted\pub.dev\flutter_secure_storage_linux-1.2.3\
[  +69 ms]   [  +70 ms] gen_dart_plugin_registrant: Complete
[   +6 ms]   [   +5 ms] kernel_snapshot_program: Starting due to {}
[  +16 ms]   [  +16 ms] C:\flutter\bin\cache\dart-sdk\bin\dartaotruntime.exe C:\flutter\bin\cache\dart-sdk\bin\snapshots\frontend_server_aot.dart.snapshot --sdk-root C:\flutter\bin\cache\artifacts\engine\common\flutter_patched_sdk_product/ --target=flutter --no-print-incremental-dependencies -DFLUTTER_VERSION=3.41.2 -DFLUTTER_CHANNEL=stable -DFLUTTER_GIT_URL=https://github.com/flutter/flutter.git -DFLUTTER_FRAMEWORK_REVISION=90673a4eef -DFLUTTER_ENGINE_REVISION=6c0baaebf7 -DFLUTTER_DART_VERSION=3.11.0 -Ddart.vm.profile=false -Ddart.vm.product=true --delete-tostring-package-uri=dart:ui --delete-tostring-package-uri=package:flutter --aot --tfa --target-os windows --packages I:\Path\Projects\iFutures\.dart_tool\package_config.json --output-dill I:\Path\Projects\iFutures\.dart_tool\flutter_build\1c7a909e43428aeb6d2b9d4c6e761fea\app.dill --depfile I:\Path\Projects\iFutures\.dart_tool\flutter_build\1c7a909e43428aeb6d2b9d4c6e761fea\kernel_snapshot_program.d --source file:///I:/Path/Projects/iFutures/.dart_tool/flutter_build/dart_plugin_registrant.dart --source package:flutter/src/dart_plugin_registrant.dart -Dflutter.dart_plugin_registrant=file:///I:/Path/Projects/iFutures/.dart_tool/flutter_build/dart_plugin_registrant.dart --verbosity=error package:ifutures/main.dart
[+2608 ms]   [+2608 ms] input.json contents:
[        ]              {
[        ]                "assets": {},
[        ]                "config": {
[        ]                  "build_asset_types": [
[        ]                    "code_assets/code"
[        ]                  ],
[        ]                  "extensions": {
[        ]                    "code_assets": {
[        ]                      "c_compiler": {
[        ]                        "ar": "C:\\Program Files\\Microsoft Visual Studio\\2022\\Professional\\VC\\Tools\\MSVC\\14.44.35207\\bin\\Hostx64\\x64\\lib.exe",
[        ]                        "cc": "C:\\Program Files\\Microsoft Visual Studio\\2022\\Professional\\VC\\Tools\\MSVC\\14.44.35207\\bin\\Hostx64\\x64\\cl.exe",
[        ]                        "ld": "C:\\Program Files\\Microsoft Visual Studio\\2022\\Professional\\VC\\Tools\\MSVC\\14.44.35207\\bin\\Hostx64\\x64\\link.exe",
[        ]                        "windows": {
[        ]                          "developer_command_prompt": {
[        ]                            "arguments": [],
[        ]                            "script": "C:\\Program Files\\Microsoft Visual Studio\\2022\\Professional\\VC\\Auxiliary\\Build\\vcvars64.bat"
[        ]                          }
[        ]                        }
[        ]                      },
[        ]                      "link_mode_preference": "dynamic",
[        ]                      "target_architecture": "x64",
[        ]                      "target_os": "windows"
[        ]                    }
[        ]                  },
[        ]                  "linking_enabled": true
[        ]                },
[        ]                "out_dir_shared": "I:\\Path\\Projects\\iFutures\\.dart_tool\\hooks_runner\\shared\\objective_c\\build\\",
[        ]                "out_file": "I:\\Path\\Projects\\iFutures\\.dart_tool\\hooks_runner\\objective_c\\14c9232d99\\output.json",
[        ]                "package_name": "objective_c",
[        ]                "package_root": "C:\\Users\\xxixw\\AppData\\Local\\Pub\\Cache\\hosted\\pub.dev\\objective_c-9.3.0\\",
[        ]                "user_defines": {}
[        ]              }
[  +13 ms]   [   +9 ms] Running `(cd C:\Users\xxixw\AppData\Local\Pub\Cache\hosted\pub.dev\objective_c-9.3.0\; ANDROID_HOME=C:\Users\xxixw\AppData\Local\Android\Sdk PATH=C:\Program Files\Microsoft Visual Studio\2022\Professional\VC\Tools\MSVC\14.44.35207\bin\HostX64\x64;C:\Program Files (x86)\Windows Kits\10\bin\10.0.26100.0\x64;;C:\Program Files (x86)\Microsoft SDKs\Windows\v10.0A\bin\NETFX 4.8 Tools\x64;C:\Program Files (x86)\Windows Kits\10\bin\10.0.26100.0\x86;;C:\Program Files (x86)\Microsoft SDKs\Windows\v10.0A\bin\NETFX 4.8 Tools;C:\Program Files\Microsoft Visual Studio\2022\Professional\Common7\tools;C:\Program Files\Microsoft Visual Studio\2022\Professional\Common7\ide;C:\Program Files (x86)\HTML Help Workshop;;C:\Program Files\Microsoft Visual Studio\2022\Professional\MSBuild\Current\Bin\amd64;C:\WINDOWS\Microsoft.NET\Framework64\v4.0.30319\;C:\WINDOWS\Microsoft.NET\Framework\v4.0.30319\;C:\Program Files\Microsoft Visual Studio\2022\Professional\MSBuild\Current\Bin;C:\WINDOWS\Microsoft.NET\Framework\v4.0.30319\;;C:\Program Files\Microsoft\jdk-17.0.11.9-hotspot\bin;C:\Program Files (x86)\Common Files\Intel\Shared Libraries\redist\intel64\compiler;C:\Windows\system32;C:\Windows;C:\Windows\System32\Wbem;C:\Windows\System32\WindowsPowerShell\v1.0\;C:\Windows\System32\OpenSSH\;C:\Program Files\Microsoft SQL Server\130\Tools\Binn\;C:\Program Files\Microsoft SQL Server\Client SDK\ODBC\170\Tools\Binn\;C:\Program Files\Microsoft SQL Server\150\Tools\Binn\;C:\Program Files\Microsoft SQL Server\120\DTS\Binn\;C:\Program Files\Microsoft SQL Server\Client SDK\ODBC\110\Tools\Binn\;C:\Program Files (x86)\Microsoft SQL Server\120\Tools\Binn\;C:\Program Files\Microsoft SQL Server\120\Tools\Binn\;C:\Program Files (x86)\Microsoft SQL Server\120\Tools\Binn\ManagementStudio\;C:\Program Files (x86)\Microsoft SQL Server\120\DTS\Binn\;C:\Program Files\Git\cmd;C:\Program Files\nodejs\;C:\Program Files (x86)\Microsoft SQL Server\160\Tools\Binn\;C:\Program Files\Microsoft SQL Server\160\Tools\Binn\;C:\Program Files\Microsoft SQL Server\160\DTS\Binn\;C:\ProgramData\chocolatey\bin;C:\Users\<YourUsername>\AppData\Local\Android\Sdk\platform-tools;C:\Users\<YourUsername>\AppData\Local\Android\Sdk\tools;C:\Program Files\dotnet\;C:\Program Files (x86)\Incredibuild;C:\WINDOWS\system32;C:\WINDOWS;C:\WINDOWS\System32\Wbem;C:\WINDOWS\System32\WindowsPowerShell\v1.0\;C:\WINDOWS\System32\OpenSSH\;C:\Program Files (x86)\Windows Kits\10\Windows Performance Toolkit\;C:\Program Files\Tailscale\;C:\Program Files\Microsoft\jdk-17.0.11.9-hotspot\bin;C:\Program Files (x86)\Common Files\Intel\Shared Libraries\redist\intel64\compiler;C:\Windows\system32;C:\Windows;C:\Windows\System32\Wbem;C:\Windows\System32\WindowsPowerShell\v1.0\;C:\Windows\System32\OpenSSH\;C:\Program Files\Microsoft SQL Server\130\Tools\Binn\;C:\Program Files\Microsoft SQL Server\Client SDK\ODBC\170\Tools\Binn\;C:\Program Files\Microsoft SQL Server\150\Tools\Binn\;C:\Program Files\Microsoft SQL Server\120\DTS\Binn\;C:\Program Files\Microsoft SQL Server\Client SDK\ODBC\110\Tools\Binn\;C:\Program Files (x86)\Microsoft SQL Server\120\Tools\Binn\;C:\Program Files\Microsoft SQL Server\120\Tools\Binn\;C:\Program Files (x86)\Microsoft SQL Server\120\Tools\Binn\ManagementStudio\;C:\Program Files (x86)\Microsoft SQL Server\120\DTS\Binn\;C:\Program Files\Git\cmd;C:\Program Files\nodejs\;C:\Program Files (x86)\Microsoft SQL Server\160\Tools\Binn\;C:\Program Files\Microsoft SQL Server\160\Tools\Binn\;C:\Program Files\Microsoft SQL Server\160\DTS\Binn\;C:\ProgramData\chocolatey\bin;C:\Users\<YourUsername>\AppData\Local\Android\Sdk\platform-tools;C:\Users\<YourUsername>\AppData\Local\Android\Sdk\tools;C:\Program Files\dotnet\;C:\Program Files (x86)\Incredibuild;C:\Program Files (x86)\Windows Kits\10\Windows Performance Toolkit\;C:\WINDOWS\system32;C:\WINDOWS;C:\WINDOWS\System32\Wbem;C:\WINDOWS\System32\WindowsPowerShell\v1.0\;C:\WINDOWS\System32\OpenSSH\;C:\Android\platform-tools;C:\Users\xxixw\flutter\bin;C:\Users\xxixw\.dotnet\tools;C:\Users\xxixw\AppData\Local\Programs\Microsoft VS Code\bin;C:\Users\xxixw\AppData\Local\Microsoft\WindowsApps;C:\Android\platform-tools;C:\Users\xxixw\AppData\Local\Programs\Windsurf\bin;C:\Users\xxixw\AppData\Local\Programs\Antigravity\bin;C:\Users\xxixw\AppData\Local\Microsoft\WinGet\Packages\Google.DartSDK_Microsoft.Winget.Source_8wekyb3d8bbwe\dart-sdk\bin;c:\Users\xxixw\.antigravity\extensions\vscjava.vscode-java-debug-0.58.5-universal\bundled\scripts\noConfigScripts; PROGRAMDATA=C:\ProgramData SYSTEMDRIVE=C: SYSTEMROOT=C:\WINDOWS TEMP=C:\Users\xxixw\AppData\Local\Temp TMP=C:\Users\xxixw\AppData\Local\Temp USERPROFILE=C:\Users\xxixw WINDIR=C:\WINDOWS C:\flutter\bin\cache\dart-sdk\bin\dart --packages=I:\Path\Projects\iFutures\.dart_tool\package_config.json I:\Path\Projects\iFutures\.dart_tool\hooks_runner\objective_c\14c9232d99\hook.dill --config=I:\Path\Projects\iFutures\.dart_tool\hooks_runner\objective_c\14c9232d99\input.json )`.
[ +355 ms]   [ +367 ms] output.json contents:
[        ]              {
[        ]                "assets_for_linking": {},
[        ]                "status": "success",
[        ]                "timestamp": "2026-03-14 23:02:00.000"
[        ]              }
[  +46 ms]   [  +47 ms] Building native assets for windows_x64 done.
[   +5 ms]   [   +5 ms] dart_build: Complete
[  +22 ms]   [  +22 ms] install_code_assets: Starting due to {}
[  +17 ms]   [  +17 ms] Writing native assets json to file:///I:/Path/Projects/iFutures/.dart_tool/flutter_build/1c7a909e43428aeb6d2b9d4c6e761fea/native_assets.json.
[   +6 ms]   [   +6 ms] Writing I:\Path\Projects\iFutures\.dart_tool\flutter_build\1c7a909e43428aeb6d2b9d4c6e761fea\native_assets.json done.
[   +2 ms]   [   +2 ms] install_code_assets: Complete
[+22875 ms]   [+22874 ms] kernel_snapshot_program: Complete
[+1231 ms]   [+1231 ms] aot_elf_release: Starting due to {InvalidatedReasonKind.inputChanged: The following inputs have updated contents: C:\flutter\packages\flutter_tools\lib\src\build_system\targets\common.dart,I:\Path\Projects\iFutures\.dart_tool\flutter_build\1c7a909e43428aeb6d2b9d4c6e761fea\app.dill,C:\flutter\bin\cache\engine.stamp,C:\flutter\bin\cache\engine.stamp,C:\flutter\bin\cache\engine.stamp, InvalidatedReasonKind.outputSetAddition: The following outputs were added to the output set: I:\Path\Projects\iFutures\.dart_tool\flutter_build\1c7a909e43428aeb6d2b9d4c6e761fea\app.so}
[  +20 ms]   [  +20 ms] targetingApplePlatform = false
[        ]   [        ] extractAppleDebugSymbols = true
[        ]   [        ] Will strip AOT snapshot during build.
[   +2 ms]   [   +2 ms] executing: C:\flutter\bin\cache\artifacts\engine\windows-x64-release\gen_snapshot --deterministic --snapshot_kind=app-aot-elf --elf=I:\Path\Projects\iFutures\.dart_tool\flutter_build\1c7a909e43428aeb6d2b9d4c6e761fea\app.so --strip I:\Path\Projects\iFutures\.dart_tool\flutter_build\1c7a909e43428aeb6d2b9d4c6e761fea\app.dill
[+15984 ms]   [+15984 ms] aot_elf_release: Complete
[  +84 ms]   [  +84 ms] windows_aot_bundle: Starting due to {InvalidatedReasonKind.inputChanged: The following inputs have updated contents: I:\Path\Projects\iFutures\.dart_tool\flutter_build\1c7a909e43428aeb6d2b9d4c6e761fea\app.so, InvalidatedReasonKind.outputSetAddition: The following outputs were added to the output set: I:\Path\Projects\iFutures\build\windows\app.so}
[   +8 ms]   [   +8 ms] windows_aot_bundle: Complete
[  +75 ms]   [  +75 ms] release_bundle_windows-x64_assets: Starting due to {}
[ +226 ms]   [ +226 ms] shaderc command: [C:\flutter\bin\cache\artifacts\engine\windows-x64\impellerc.exe, --sksl, --runtime-stage-gles, --runtime-stage-gles3, --runtime-stage-vulkan, --iplr, --sl=I:\Path\Projects\iFutures\build\flutter_assets\shaders/ink_sparkle.frag, --spirv=I:\Path\Projects\iFutures\build\flutter_assets\shaders/ink_sparkle.frag.spirv, --input=C:\flutter\packages\flutter\lib\src\material\shaders\ink_sparkle.frag, --input-type=frag, --include=C:\flutter\packages\flutter\lib\src\material\shaders, --include=C:\flutter\bin\cache\artifacts\engine\windows-x64\shader_lib]
[   +1 ms]   [   +1 ms] shaderc command: [C:\flutter\bin\cache\artifacts\engine\windows-x64\impellerc.exe, --sksl, --runtime-stage-gles, --runtime-stage-gles3, --runtime-stage-vulkan, --iplr, --sl=I:\Path\Projects\iFutures\build\flutter_assets\shaders/stretch_effect.frag, --spirv=I:\Path\Projects\iFutures\build\flutter_assets\shaders/stretch_effect.frag.spirv, --input=C:\flutter\packages\flutter\lib\src\material\shaders\stretch_effect.frag, --input-type=frag, --include=C:\flutter\packages\flutter\lib\src\material\shaders, --include=C:\flutter\bin\cache\artifacts\engine\windows-x64\shader_lib]
[+1594 ms]   [+1594 ms] release_bundle_windows-x64_assets: Complete
[ +109 ms]   [ +109 ms] Persisting file store
[  +15 ms]   [  +15 ms] Done persisting file store
[  +33 ms]   [  +33 ms] build succeeded.
[  +12 ms]   [  +12 ms] "flutter assemble" took 53,637ms.
[ +123 ms]   [ +123 ms] Running 1 shutdown hook
[   +1 ms]   [   +1 ms] Shutdown hooks complete
[ +214 ms]   [ +214 ms] exiting with code 0
[ +120 ms]   Building Custom Rule I:/Path/Projects/iFutures/windows/flutter/CMakeLists.txt
[  +83 ms] FinalizeBuildStatus:
[        ]   Deleting file "x64\Release\flutter_assemble\flutter_assemble.tlog\unsuccessfulbuild".
[        ]   Touching "x64\Release\flutter_assemble\flutter_assemble.tlog\flutter_assemble.lastbuildstate".
[        ] Done Building Project "I:\Path\Projects\iFutures\build\windows\x64\flutter\flutter_assemble.vcxproj" (default targets).
[  +54 ms] Project "I:\Path\Projects\iFutures\build\windows\x64\plugins\flutter_secure_storage_windows\flutter_secure_storage_windows_plugin.vcxproj" (4) is building "I:\Path\Projects\iFutures\build\windows\x64\flutter\flutter_wrapper_plugin.vcxproj" (6) on node 1 (default targets).
[        ] PrepareForBuild:
[        ]   Creating directory "flutter_wrapper_plugin.dir\Release\".
[   +3 ms]   Structured output is enabled. The formatting of compiler diagnostics will reflect the error hierarchy. See https://aka.ms/cpp/structured-output for more details.
[        ]   Creating directory "I:\Path\Projects\iFutures\build\windows\x64\flutter\Release\".
[        ]   Creating directory "flutter_wrapper_plugin.dir\Release\flutter_.260CE62E.tlog\".
[   +2 ms] InitializeBuildStatus:
[        ]   Creating "flutter_wrapper_plugin.dir\Release\flutter_.260CE62E.tlog\unsuccessfulbuild" because "AlwaysCreate" was specified.
[        ]   Touching "flutter_wrapper_plugin.dir\Release\flutter_.260CE62E.tlog\unsuccessfulbuild".
[  +57 ms] CustomBuild:
[        ]   Building Custom Rule I:/Path/Projects/iFutures/windows/flutter/CMakeLists.txt
[ +159 ms] ClCompile:
[        ]   C:\Program Files\Microsoft Visual Studio\2022\Professional\VC\Tools\MSVC\14.44.35207\bin\HostX64\x64\CL.exe /c /II:\Path\Projects\iFutures\windows\flutter\ephemeral\cpp_client_wrapper\include /II:\Path\Projects\iFutures\windows\flutter\ephemeral /nologo /W4 /WX /diagnostics:column /O2 /Ob2 /D _UNICODE /D UNICODE /D WIN32 /D _WINDOWS /D NDEBUG /D _HAS_EXCEPTIONS=0 /D UNICODE /D _UNICODE /D "CMAKE_INTDIR=\"Release\"" /EHsc /MD /GS /fp:precise /Zc:wchar_t /Zc:forScope /Zc:inline /GR /std:c++17 /Fo"flutter_wrapper_plugin.dir\Release\\" /Fd"I:\Path\Projects\iFutures\build\windows\x64\flutter\Release\flutter_wrapper_plugin.pdb" /external:W4 /Gd /TP /wd4100 /errorReport:queue I:\Path\Projects\iFutures\windows\flutter\ephemeral\cpp_client_wrapper\core_implementations.cc I:\Path\Projects\iFutures\windows\flutter\ephemeral\cpp_client_wrapper\standard_codec.cc I:\Path\Projects\iFutures\windows\flutter\ephemeral\cpp_client_wrapper\plugin_registrar.cc
[ +224 ms]   core_implementations.cc
[+1567 ms]   standard_codec.cc
[+1790 ms]   plugin_registrar.cc
[+1099 ms]   Generating Code...
[+3019 ms] Lib:
[        ]   C:\Program Files\Microsoft Visual Studio\2022\Professional\VC\Tools\MSVC\14.44.35207\bin\HostX64\x64\Lib.exe /OUT:"I:\Path\Projects\iFutures\build\windows\x64\flutter\Release\flutter_wrapper_plugin.lib" /NOLOGO /MACHINE:X64  /machine:x64 flutter_wrapper_plugin.dir\Release\core_implementations.obj
[        ]   flutter_wrapper_plugin.dir\Release\standard_codec.obj
[        ]   flutter_wrapper_plugin.dir\Release\plugin_registrar.obj
[ +159 ms]   flutter_wrapper_plugin.vcxproj -> I:\Path\Projects\iFutures\build\windows\x64\flutter\Release\flutter_wrapper_plugin.lib
[  +19 ms] FinalizeBuildStatus:
[        ]   Deleting file "flutter_wrapper_plugin.dir\Release\flutter_.260CE62E.tlog\unsuccessfulbuild".
[        ]   Touching "flutter_wrapper_plugin.dir\Release\flutter_.260CE62E.tlog\flutter_wrapper_plugin.lastbuildstate".
[        ] Done Building Project "I:\Path\Projects\iFutures\build\windows\x64\flutter\flutter_wrapper_plugin.vcxproj" (default targets).
[   +8 ms] PrepareForBuild:
[        ]   Creating directory "flutter_secure_storage_windows_plugin.dir\Release\".
[   +3 ms]   Structured output is enabled. The formatting of compiler diagnostics will reflect the error hierarchy. See https://aka.ms/cpp/structured-output for more details.
[        ]   Creating directory "I:\Path\Projects\iFutures\build\windows\x64\plugins\flutter_secure_storage_windows\Release\".
[        ]   Creating directory "flutter_secure_storage_windows_plugin.dir\Release\flutter_.2B490F55.tlog\".
[   +3 ms] InitializeBuildStatus:
[        ]   Creating "flutter_secure_storage_windows_plugin.dir\Release\flutter_.2B490F55.tlog\unsuccessfulbuild" because "AlwaysCreate" was specified.
[        ]   Touching "flutter_secure_storage_windows_plugin.dir\Release\flutter_.2B490F55.tlog\unsuccessfulbuild".
[  +53 ms] CustomBuild:
[        ]   Building Custom Rule I:/Path/Projects/iFutures/windows/flutter/ephemeral/.plugin_symlinks/flutter_secure_storage_windows/windows/CMakeLists.txt
[  +68 ms] ClCompile:
[        ]   C:\Program Files\Microsoft Visual Studio\2022\Professional\VC\Tools\MSVC\14.44.35207\bin\HostX64\x64\CL.exe /c /II:\Path\Projects\iFutures\windows\flutter\ephemeral /II:\Path\Projects\iFutures\windows\flutter\ephemeral\cpp_client_wrapper\include /nologo /W4 /WX /diagnostics:column /O2 /Ob2 /D _WINDLL /D _UNICODE /D UNICODE /D WIN32 /D _WINDOWS /D NDEBUG /D _HAS_EXCEPTIONS=0 /D FLUTTER_PLUGIN_IMPL /D UNICODE /D _UNICODE /D "SECURE_STORAGE_KEY_PREFIX=\"ifutures_VGhpcyBpcyB0aGUgcHJlZml4IGZv_\"" /D "CMAKE_INTDIR=\"Release\"" /D flutter_secure_storage_windows_plugin_EXPORTS /EHsc /MD /GS /fp:precise /Zc:wchar_t /Zc:forScope /Zc:inline /GR /std:c++17 /Fo"flutter_secure_storage_windows_plugin.dir\Release\\" /Fd"flutter_secure_storage_windows_plugin.dir\Release\vc143.pdb" /external:W4 /Gd /TP /wd4100 /errorReport:queue I:\Path\Projects\iFutures\windows\flutter\ephemeral\.plugin_symlinks\flutter_secure_storage_windows\windows\flutter_secure_storage_windows_plugin.cpp
[  +71 ms]   flutter_secure_storage_windows_plugin.cpp
[+6342 ms] Link:
[        ]   C:\Program Files\Microsoft Visual Studio\2022\Professional\VC\Tools\MSVC\14.44.35207\bin\HostX64\x64\link.exe /ERRORREPORT:QUEUE /OUT:"I:\Path\Projects\iFutures\build\windows\x64\plugins\flutter_secure_storage_windows\Release\flutter_secure_storage_windows_plugin.dll" /INCREMENTAL:NO /NOLOGO ..\..\flutter\Release\flutter_wrapper_plugin.lib I:\Path\Projects\iFutures\windows\flutter\ephemeral\flutter_windows.dll.lib kernel32.lib user32.lib gdi32.lib winspool.lib shell32.lib ole32.lib oleaut32.lib uuid.lib comdlg32.lib advapi32.lib /MANIFEST /MANIFESTUAC:"level='asInvoker' uiAccess='false'" /manifest:embed /PDB:"I:/Path/Projects/iFutures/build/windows/x64/plugins/flutter_secure_storage_windows/Release/flutter_secure_storage_windows_plugin.pdb" /SUBSYSTEM:CONSOLE /TLBID:1 /DYNAMICBASE /NXCOMPAT /IMPLIB:"I:/Path/Projects/iFutures/build/windows/x64/plugins/flutter_secure_storage_windows/Release/flutter_secure_storage_windows_plugin.lib" /MACHINE:X64  /machine:x64 /DLL flutter_secure_storage_windows_plugin.dir\Release\flutter_secure_storage_windows_plugin.obj
[ +144 ms]      Creating library I:/Path/Projects/iFutures/build/windows/x64/plugins/flutter_secure_storage_windows/Release/flutter_secure_storage_windows_plugin.lib and object I:/Path/Projects/iFutures/build/windows/x64/plugins/flutter_secure_storage_windows/Release/flutter_secure_storage_windows_plugin.exp
[ +222 ms]   flutter_secure_storage_windows_plugin.vcxproj -> I:\Path\Projects\iFutures\build\windows\x64\plugins\flutter_secure_storage_windows\Release\flutter_secure_storage_windows_plugin.dll
[  +11 ms] FinalizeBuildStatus:
[        ]   Deleting file "flutter_secure_storage_windows_plugin.dir\Release\flutter_.2B490F55.tlog\unsuccessfulbuild".
[        ]   Touching "flutter_secure_storage_windows_plugin.dir\Release\flutter_.2B490F55.tlog\flutter_secure_storage_windows_plugin.lastbuildstate".
[        ] Done Building Project "I:\Path\Projects\iFutures\build\windows\x64\plugins\flutter_secure_storage_windows\flutter_secure_storage_windows_plugin.vcxproj" (default targets).
[  +51 ms] Project "I:\Path\Projects\iFutures\build\windows\x64\ALL_BUILD.vcxproj" (3) is building "I:\Path\Projects\iFutures\build\windows\x64\flutter\flutter_wrapper_app.vcxproj" (7) on node 1 (default targets).
[        ] PrepareForBuild:
[        ]   Creating directory "flutter_wrapper_app.dir\Release\".
[   +3 ms]   Structured output is enabled. The formatting of compiler diagnostics will reflect the error hierarchy. See https://aka.ms/cpp/structured-output for more details.
[        ]   Creating directory "flutter_wrapper_app.dir\Release\flutter_.B707488A.tlog\".
[   +2 ms] InitializeBuildStatus:
[        ]   Creating "flutter_wrapper_app.dir\Release\flutter_.B707488A.tlog\unsuccessfulbuild" because "AlwaysCreate" was specified.
[        ]   Touching "flutter_wrapper_app.dir\Release\flutter_.B707488A.tlog\unsuccessfulbuild".
[  +53 ms] CustomBuild:
[        ]   Building Custom Rule I:/Path/Projects/iFutures/windows/flutter/CMakeLists.txt
[  +65 ms] ClCompile:
[        ]   C:\Program Files\Microsoft Visual Studio\2022\Professional\VC\Tools\MSVC\14.44.35207\bin\HostX64\x64\CL.exe /c /II:\Path\Projects\iFutures\windows\flutter\ephemeral\cpp_client_wrapper\include /II:\Path\Projects\iFutures\windows\flutter\ephemeral /nologo /W4 /WX /diagnostics:column /O2 /Ob2 /D _UNICODE /D UNICODE /D WIN32 /D _WINDOWS /D NDEBUG /D _HAS_EXCEPTIONS=0 /D UNICODE /D _UNICODE /D "CMAKE_INTDIR=\"Release\"" /EHsc /MD /GS /fp:precise /Zc:wchar_t /Zc:forScope /Zc:inline /GR /std:c++17 /Fo"flutter_wrapper_app.dir\Release\\" /Fd"I:\Path\Projects\iFutures\build\windows\x64\flutter\Release\flutter_wrapper_app.pdb" /external:W4 /Gd /TP /wd4100 /errorReport:queue I:\Path\Projects\iFutures\windows\flutter\ephemeral\cpp_client_wrapper\core_implementations.cc I:\Path\Projects\iFutures\windows\flutter\ephemeral\cpp_client_wrapper\standard_codec.cc I:\Path\Projects\iFutures\windows\flutter\ephemeral\cpp_client_wrapper\flutter_engine.cc I:\Path\Projects\iFutures\windows\flutter\ephemeral\cpp_client_wrapper\flutter_view_controller.cc
[  +71 ms]   core_implementations.cc
[+1759 ms]   standard_codec.cc
[+1703 ms]   flutter_engine.cc
[+1900 ms]   flutter_view_controller.cc
[+1435 ms]   Generating Code...
[+2721 ms] Lib:
[        ]   C:\Program Files\Microsoft Visual Studio\2022\Professional\VC\Tools\MSVC\14.44.35207\bin\HostX64\x64\Lib.exe /OUT:"I:\Path\Projects\iFutures\build\windows\x64\flutter\Release\flutter_wrapper_app.lib" /NOLOGO /MACHINE:X64  /machine:x64 flutter_wrapper_app.dir\Release\core_implementations.obj
[        ]   flutter_wrapper_app.dir\Release\standard_codec.obj
[        ]   flutter_wrapper_app.dir\Release\flutter_engine.obj
[        ]   flutter_wrapper_app.dir\Release\flutter_view_controller.obj
[ +152 ms]   flutter_wrapper_app.vcxproj -> I:\Path\Projects\iFutures\build\windows\x64\flutter\Release\flutter_wrapper_app.lib
[  +16 ms] FinalizeBuildStatus:
[        ]   Deleting file "flutter_wrapper_app.dir\Release\flutter_.B707488A.tlog\unsuccessfulbuild".
[        ]   Touching "flutter_wrapper_app.dir\Release\flutter_.B707488A.tlog\flutter_wrapper_app.lastbuildstate".
[        ] Done Building Project "I:\Path\Projects\iFutures\build\windows\x64\flutter\flutter_wrapper_app.vcxproj" (default targets).
[  +69 ms] Project "I:\Path\Projects\iFutures\build\windows\x64\ALL_BUILD.vcxproj" (3) is building "I:\Path\Projects\iFutures\build\windows\x64\runner\ifutures.vcxproj" (8) on node 1 (default targets).
[        ] PrepareForBuild:
[        ]   Creating directory "ifutures.dir\Release\".
[   +2 ms]   Structured output is enabled. The formatting of compiler diagnostics will reflect the error hierarchy. See https://aka.ms/cpp/structured-output for more details.
[        ]   Creating directory "I:\Path\Projects\iFutures\build\windows\x64\runner\Release\".
[        ]   Creating directory "ifutures.dir\Release\ifutures.tlog\".
[   +2 ms] InitializeBuildStatus:
[        ]   Creating "ifutures.dir\Release\ifutures.tlog\unsuccessfulbuild" because "AlwaysCreate" was specified.
[        ]   Touching "ifutures.dir\Release\ifutures.tlog\unsuccessfulbuild".
[  +59 ms] CustomBuild:
[        ]   Building Custom Rule I:/Path/Projects/iFutures/windows/runner/CMakeLists.txt
[ +103 ms] ClCompile:
[        ]   C:\Program Files\Microsoft Visual Studio\2022\Professional\VC\Tools\MSVC\14.44.35207\bin\HostX64\x64\CL.exe /c /II:\Path\Projects\iFutures\windows /II:\Path\Projects\iFutures\windows\flutter\ephemeral /II:\Path\Projects\iFutures\windows\flutter\ephemeral\cpp_client_wrapper\include /II:\Path\Projects\iFutures\windows\flutter\ephemeral\.plugin_symlinks\flutter_secure_storage_windows\windows\include /nologo /W4 /WX /diagnostics:column /O2 /Ob2 /D _UNICODE /D UNICODE /D WIN32 /D _WINDOWS /D NDEBUG /D _HAS_EXCEPTIONS=0 /D "FLUTTER_VERSION=\"1.0.0+1\"" /D FLUTTER_VERSION_MAJOR=1 /D FLUTTER_VERSION_MINOR=0 /D FLUTTER_VERSION_PATCH=0 /D FLUTTER_VERSION_BUILD=1 /D NOMINMAX /D UNICODE /D _UNICODE /D "CMAKE_INTDIR=\"Release\"" /EHsc /MD /GS /fp:precise /Zc:wchar_t /Zc:forScope /Zc:inline /GR /std:c++17 /Fo"ifutures.dir\Release\\" /Fd"ifutures.dir\Release\vc143.pdb" /external:W4 /Gd /TP /wd4100 /errorReport:queue I:\Path\Projects\iFutures\windows\runner\flutter_window.cpp I:\Path\Projects\iFutures\windows\runner\main.cpp I:\Path\Projects\iFutures\windows\runner\utils.cpp I:\Path\Projects\iFutures\windows\runner\win32_window.cpp I:\Path\Projects\iFutures\windows\flutter\generated_plugin_registrant.cc
[  +88 ms]   flutter_window.cpp
[+2076 ms]   main.cpp
[+1669 ms]   utils.cpp
[+1728 ms]   win32_window.cpp
[+1095 ms]   generated_plugin_registrant.cc
[ +421 ms]   Generating Code...
[ +555 ms] ResourceCompile:
[        ]   C:\Program Files (x86)\Windows Kits\10\bin\10.0.26100.0\x64\rc.exe /D _UNICODE /D UNICODE /D WIN32 /D _WINDOWS /D NDEBUG /D _HAS_EXCEPTIONS=0 /D "FLUTTER_VERSION=\\\"1.0.0+1\\\"" /D FLUTTER_VERSION_MAJOR=1 /D FLUTTER_VERSION_MINOR=0 /D FLUTTER_VERSION_PATCH=0 /D FLUTTER_VERSION_BUILD=1 /D NOMINMAX /D UNICODE /D _UNICODE /D "CMAKE_INTDIR=\\\"Release\\\"" /l"0x0409" /II:\Path\Projects\iFutures\windows /II:\Path\Projects\iFutures\windows\flutter\ephemeral /II:\Path\Projects\iFutures\windows\flutter\ephemeral\cpp_client_wrapper\include /II:\Path\Projects\iFutures\windows\flutter\ephemeral\.plugin_symlinks\flutter_secure_storage_windows\windows\include /nologo /fo"ifutures.dir\Release\Runner.res" I:\Path\Projects\iFutures\windows\runner\Runner.rc 
[ +105 ms] Link:
[        ]   C:\Program Files\Microsoft Visual Studio\2022\Professional\VC\Tools\MSVC\14.44.35207\bin\HostX64\x64\link.exe /ERRORREPORT:QUEUE /OUT:"I:\Path\Projects\iFutures\build\windows\x64\runner\Release\ifutures.exe" /INCREMENTAL:NO /NOLOGO ..\flutter\Release\flutter_wrapper_app.lib dwmapi.lib ..\plugins\flutter_secure_storage_windows\Release\flutter_secure_storage_windows_plugin.lib I:\Path\Projects\iFutures\windows\flutter\ephemeral\flutter_windows.dll.lib kernel32.lib user32.lib gdi32.lib winspool.lib shell32.lib ole32.lib oleaut32.lib uuid.lib comdlg32.lib advapi32.lib /MANIFEST /MANIFESTUAC:"level='asInvoker' uiAccess='false'" /manifest:embed /manifestinput:I:\Path\Projects\iFutures\windows\runner\runner.exe.manifest /PDB:"I:/Path/Projects/iFutures/build/windows/x64/runner/Release/ifutures.pdb" /SUBSYSTEM:WINDOWS /TLBID:1 /DYNAMICBASE /NXCOMPAT /IMPLIB:"I:/Path/Projects/iFutures/build/windows/x64/runner/Release/ifutures.lib" /MACHINE:X64  /machine:x64 ifutures.dir\Release\Runner.res
[        ]   ifutures.dir\Release\flutter_window.obj
[        ]   ifutures.dir\Release\main.obj
[        ]   ifutures.dir\Release\utils.obj
[        ]   ifutures.dir\Release\win32_window.obj
[        ]   ifutures.dir\Release\generated_plugin_registrant.obj
[ +307 ms]   ifutures.vcxproj -> I:\Path\Projects\iFutures\build\windows\x64\runner\Release\ifutures.exe
[  +12 ms] FinalizeBuildStatus:
[        ]   Deleting file "ifutures.dir\Release\ifutures.tlog\unsuccessfulbuild".
[        ]   Touching "ifutures.dir\Release\ifutures.tlog\ifutures.lastbuildstate".
[        ] Done Building Project "I:\Path\Projects\iFutures\build\windows\x64\runner\ifutures.vcxproj" (default targets).
[   +6 ms] PrepareForBuild:
[        ]   Creating directory "x64\Release\ALL_BUILD\".
[   +2 ms]   Structured output is enabled. The formatting of compiler diagnostics will reflect the error hierarchy. See https://aka.ms/cpp/structured-output for more details.
[        ]   Creating directory "x64\Release\ALL_BUILD\ALL_BUILD.tlog\".
[   +2 ms] InitializeBuildStatus:
[        ]   Creating "x64\Release\ALL_BUILD\ALL_BUILD.tlog\unsuccessfulbuild" because "AlwaysCreate" was specified.
[        ]   Touching "x64\Release\ALL_BUILD\ALL_BUILD.tlog\unsuccessfulbuild".
[  +83 ms] CustomBuild:
[        ]   Building Custom Rule I:/Path/Projects/iFutures/windows/CMakeLists.txt
[ +122 ms] FinalizeBuildStatus:
[        ]   Deleting file "x64\Release\ALL_BUILD\ALL_BUILD.tlog\unsuccessfulbuild".
[        ]   Touching "x64\Release\ALL_BUILD\ALL_BUILD.tlog\ALL_BUILD.lastbuildstate".
[        ] Done Building Project "I:\Path\Projects\iFutures\build\windows\x64\ALL_BUILD.vcxproj" (default targets).
[   +8 ms] PrepareForBuild:
[        ]   Creating directory "x64\Release\INSTALL\".
[   +3 ms]   Structured output is enabled. The formatting of compiler diagnostics will reflect the error hierarchy. See https://aka.ms/cpp/structured-output for more details.
[        ]   Creating directory "x64\Release\INSTALL\INSTALL.tlog\".
[   +3 ms] InitializeBuildStatus:
[        ]   Creating "x64\Release\INSTALL\INSTALL.tlog\unsuccessfulbuild" because "AlwaysCreate" was specified.
[        ]   Touching "x64\Release\INSTALL\INSTALL.tlog\unsuccessfulbuild".
[  +79 ms] CustomBuild:
[        ]   1>
[  +36 ms] PostBuildEvent:
[        ]   setlocal
[        ]   "C:\Program Files\Microsoft Visual Studio\2022\Professional\Common7\IDE\CommonExtensions\Microsoft\CMake\CMake\bin\cmake.exe" -DBUILD_TYPE=Release -P cmake_install.cmake
[        ]   if %errorlevel% neq 0 goto :cmEnd
[        ]   :cmEnd
[        ]   endlocal & call :cmErrorLevel %errorlevel% & goto :cmDone
[        ]   :cmErrorLevel
[        ]   exit /b %1
[        ]   :cmDone
[        ]   if %errorlevel% neq 0 goto :VCEnd
[        ]   :VCEnd
[ +130 ms]   -- Install configuration: "Release"
[  +90 ms]   -- Installing: I:/Path/Projects/iFutures/build/windows/x64/runner/Release/data/icudtl.dat
[   +5 ms]   -- Installing: I:/Path/Projects/iFutures/build/windows/x64/runner/Release/flutter_windows.dll
[ +138 ms]   -- Installing: I:/Path/Projects/iFutures/build/windows/x64/runner/Release/flutter_secure_storage_windows_plugin.dll
[   +2 ms]   -- Up-to-date: I:/Path/Projects/iFutures/build/windows/x64/runner/Release
[   +1 ms]   -- Installing: I:/Path/Projects/iFutures/build/windows/x64/runner/Release/data/flutter_assets
[   +1 ms]   -- Installing: I:/Path/Projects/iFutures/build/windows/x64/runner/Release/data/flutter_assets/AssetManifest.bin
[   +1 ms]   -- Installing: I:/Path/Projects/iFutures/build/windows/x64/runner/Release/data/flutter_assets/FontManifest.json
[   +1 ms]   -- Installing: I:/Path/Projects/iFutures/build/windows/x64/runner/Release/data/flutter_assets/fonts
[   +1 ms]   -- Installing: I:/Path/Projects/iFutures/build/windows/x64/runner/Release/data/flutter_assets/fonts/MaterialIcons-Regular.otf
[   +7 ms]   -- Installing: I:/Path/Projects/iFutures/build/windows/x64/runner/Release/data/flutter_assets/NativeAssetsManifest.json
[   +1 ms]   -- Installing: I:/Path/Projects/iFutures/build/windows/x64/runner/Release/data/flutter_assets/NOTICES.Z
[   +1 ms]   -- Installing: I:/Path/Projects/iFutures/build/windows/x64/runner/Release/data/flutter_assets/packages
[   +1 ms]   -- Installing: I:/Path/Projects/iFutures/build/windows/x64/runner/Release/data/flutter_assets/packages/cupertino_icons
[   +1 ms]   -- Installing: I:/Path/Projects/iFutures/build/windows/x64/runner/Release/data/flutter_assets/packages/cupertino_icons/assets
[   +1 ms]   -- Installing: I:/Path/Projects/iFutures/build/windows/x64/runner/Release/data/flutter_assets/packages/cupertino_icons/assets/CupertinoIcons.ttf
[   +2 ms]   -- Installing: I:/Path/Projects/iFutures/build/windows/x64/runner/Release/data/flutter_assets/shaders
[   +1 ms]   -- Installing: I:/Path/Projects/iFutures/build/windows/x64/runner/Release/data/flutter_assets/shaders/ink_sparkle.frag
[   +1 ms]   -- Installing: I:/Path/Projects/iFutures/build/windows/x64/runner/Release/data/flutter_assets/shaders/stretch_effect.frag
[   +2 ms]   -- Installing: I:/Path/Projects/iFutures/build/windows/x64/runner/Release/data/app.so
[  +44 ms] FinalizeBuildStatus:
[        ]   Deleting file "x64\Release\INSTALL\INSTALL.tlog\unsuccessfulbuild".
[        ]   Touching "x64\Release\INSTALL\INSTALL.tlog\INSTALL.lastbuildstate".
[        ] Done Building Project "I:\Path\Projects\iFutures\build\windows\x64\INSTALL.vcxproj" (default targets).
[  +10 ms] Build succeeded.
[        ]     0 Warning(s)
[        ]     0 Error(s)
[        ] Time Elapsed 00:01:31.40
[  +68 ms] Building Windows application... (completed in 96.9s)
[  +25 ms] ΓêÜ Built build\windows\x64\runner\Release\ifutures.exe
[   +1 ms] "flutter windows" took 98,047ms.
[ +111 ms] Running 1 shutdown hook
[   +2 ms] Shutdown hooks complete
[ +175 ms] exiting with code 0
